======================================================
   GNU Bison 2.7.90.1-266cd-dirty: ./test-suite.log   
======================================================

All 3 tests passed.  

.. contents:: :depth: 2

